AR user_logic imp D:/hlocal/SE/Practicas/practica4.1/pcores/pantalla_v1_00_a/hdl/vhdl/user_logic.vhd sub00/vhpl01 1610501818
AR pantalla imp D:/hlocal/SE/Practicas/practica4.1/pcores/pantalla_v1_00_a/hdl/vhdl/pantalla.vhd sub00/vhpl03 1610501820
EN user_logic NULL D:/hlocal/SE/Practicas/practica4.1/pcores/pantalla_v1_00_a/hdl/vhdl/user_logic.vhd sub00/vhpl00 1610501817
EN pantalla NULL D:/hlocal/SE/Practicas/practica4.1/pcores/pantalla_v1_00_a/hdl/vhdl/pantalla.vhd sub00/vhpl02 1610501819
