V3 34
FL C:/Xilinx/14.1/ISE_DS/EDK/hw/XilinxProcessorIPLib/pcores/wrpfifo_v5_01_a/hdl/vhdl/blkmem_wrapper.vhd 2012/04/24.10:02:14 P.15xf
EN wrpfifo_v5_01_a/blkmem_wrapper 1610501811 \
      FL C:/Xilinx/14.1/ISE_DS/EDK/hw/XilinxProcessorIPLib/pcores/wrpfifo_v5_01_a/hdl/vhdl/blkmem_wrapper.vhd \
      PB ieee/std_logic_1164 1335251622 PB ieee/NUMERIC_STD 1335251627 \
      LB proc_common_v3_00_a EN proc_common_v3_00_a/blk_mem_gen_wrapper 1610501783 \
      PB proc_common_v3_00_a/family_support 1610501773
AR wrpfifo_v5_01_a/blkmem_wrapper/implementation 1610501812 \
      FL C:/Xilinx/14.1/ISE_DS/EDK/hw/XilinxProcessorIPLib/pcores/wrpfifo_v5_01_a/hdl/vhdl/blkmem_wrapper.vhd \
      EN wrpfifo_v5_01_a/blkmem_wrapper 1610501811 \
      CP proc_common_v3_00_a/blk_mem_gen_wrapper
FL C:/Xilinx/14.1/ISE_DS/EDK/hw/XilinxProcessorIPLib/pcores/wrpfifo_v5_01_a/hdl/vhdl/ipif_control_wr_dre.vhd 2012/04/24.10:02:14 P.15xf
EN wrpfifo_v5_01_a/ipif_control_wr_dre 1610501807 \
      FL C:/Xilinx/14.1/ISE_DS/EDK/hw/XilinxProcessorIPLib/pcores/wrpfifo_v5_01_a/hdl/vhdl/ipif_control_wr_dre.vhd \
      PB ieee/std_logic_1164 1335251622 PB ieee/NUMERIC_STD 1335251627 \
      LB proc_common_v3_00_a PB proc_common_v3_00_a/proc_common_pkg 1610501769
AR wrpfifo_v5_01_a/ipif_control_wr_dre/implementation 1610501808 \
      FL C:/Xilinx/14.1/ISE_DS/EDK/hw/XilinxProcessorIPLib/pcores/wrpfifo_v5_01_a/hdl/vhdl/ipif_control_wr_dre.vhd \
      EN wrpfifo_v5_01_a/ipif_control_wr_dre 1610501807 CP std_logic_vector \
      CP std_logic
FL C:/Xilinx/14.1/ISE_DS/EDK/hw/XilinxProcessorIPLib/pcores/wrpfifo_v5_01_a/hdl/vhdl/pf_dly1_mux.vhd 2012/04/24.10:02:14 P.15xf
EN wrpfifo_v5_01_a/pf_dly1_mux 1610501797 \
      FL C:/Xilinx/14.1/ISE_DS/EDK/hw/XilinxProcessorIPLib/pcores/wrpfifo_v5_01_a/hdl/vhdl/pf_dly1_mux.vhd \
      PB ieee/std_logic_1164 1335251622 LB unisim PH unisim/VCOMPONENTS 1335251629
AR wrpfifo_v5_01_a/pf_dly1_mux/implementation 1610501798 \
      FL C:/Xilinx/14.1/ISE_DS/EDK/hw/XilinxProcessorIPLib/pcores/wrpfifo_v5_01_a/hdl/vhdl/pf_dly1_mux.vhd \
      EN wrpfifo_v5_01_a/pf_dly1_mux 1610501797 CP LUT4 CP FDRE
FL C:/Xilinx/14.1/ISE_DS/EDK/hw/XilinxProcessorIPLib/pcores/wrpfifo_v5_01_a/hdl/vhdl/wrpfifo_dp_cntl.vhd 2012/04/24.10:02:14 P.15xf
EN wrpfifo_v5_01_a/wrpfifo_dp_cntl 1610501809 \
      FL C:/Xilinx/14.1/ISE_DS/EDK/hw/XilinxProcessorIPLib/pcores/wrpfifo_v5_01_a/hdl/vhdl/wrpfifo_dp_cntl.vhd \
      PB ieee/std_logic_1164 1335251622 PB ieee/STD_LOGIC_UNSIGNED 1335251625 \
      PB ieee/NUMERIC_STD 1335251627 LB proc_common_v3_00_a \
      EN proc_common_v3_00_a/pf_counter_top 1610501776 \
      EN proc_common_v3_00_a/pf_occ_counter_top 1610501774 \
      EN proc_common_v3_00_a/pf_adder 1610501778 LB wrpfifo_v5_01_a \
      EN wrpfifo_v5_01_a/pf_dly1_mux 1610501797
AR wrpfifo_v5_01_a/wrpfifo_dp_cntl/implementation 1610501810 \
      FL C:/Xilinx/14.1/ISE_DS/EDK/hw/XilinxProcessorIPLib/pcores/wrpfifo_v5_01_a/hdl/vhdl/wrpfifo_dp_cntl.vhd \
      EN wrpfifo_v5_01_a/wrpfifo_dp_cntl 1610501809 CP std_logic \
      CP transition_state_type CP std_logic_vector CP wrpfifo_v5_01_a/pf_dly1_mux \
      CP proc_common_v3_00_a/pf_occ_counter_top \
      CP proc_common_v3_00_a/pf_counter_top CP boolean \
      CP proc_common_v3_00_a/pf_adder
FL C:/Xilinx/14.1/ISE_DS/EDK/hw/XilinxProcessorIPLib/pcores/wrpfifo_v5_01_a/hdl/vhdl/wrpfifo_top.vhd 2012/04/24.10:02:14 P.15xf
EN wrpfifo_v5_01_a/wrpfifo_top 1610501813 \
      FL C:/Xilinx/14.1/ISE_DS/EDK/hw/XilinxProcessorIPLib/pcores/wrpfifo_v5_01_a/hdl/vhdl/wrpfifo_top.vhd \
      PB ieee/std_logic_1164 1335251622 PB ieee/NUMERIC_STD 1335251627 \
      LB proc_common_v3_00_a EN proc_common_v3_00_a/srl16_fifo 1610501785 \
      EN proc_common_v3_00_a/pf_dpram_select 1610501787 \
      PB proc_common_v3_00_a/family_support 1610501773 LB wrpfifo_v5_01_a \
      EN wrpfifo_v5_01_a/ipif_control_wr_dre 1610501807 \
      EN wrpfifo_v5_01_a/wrpfifo_dp_cntl 1610501809 \
      EN wrpfifo_v5_01_a/blkmem_wrapper 1610501811
AR wrpfifo_v5_01_a/wrpfifo_top/implementation 1610501814 \
      FL C:/Xilinx/14.1/ISE_DS/EDK/hw/XilinxProcessorIPLib/pcores/wrpfifo_v5_01_a/hdl/vhdl/wrpfifo_top.vhd \
      EN wrpfifo_v5_01_a/wrpfifo_top 1610501813 \
      CP wrpfifo_v5_01_a/ipif_control_wr_dre CP wrpfifo_v5_01_a/wrpfifo_dp_cntl \
      CP proc_common_v3_00_a/pf_dpram_select CP wrpfifo_v5_01_a/blkmem_wrapper \
      CP proc_common_v3_00_a/srl16_fifo
