PH family_support NULL C:/Xilinx/14.1/ISE_DS/EDK/hw/XilinxProcessorIPLib/pcores/proc_common_v3_00_a/hdl/vhdl/family_support.vhd sub00/vhpl04 1609059535
PH proc_common_pkg NULL C:/Xilinx/14.1/ISE_DS/EDK/hw/XilinxProcessorIPLib/pcores/proc_common_v3_00_a/hdl/vhdl/proc_common_pkg.vhd sub00/vhpl00 1609059531
AR pselect_f imp C:/Xilinx/14.1/ISE_DS/EDK/hw/XilinxProcessorIPLib/pcores/proc_common_v3_00_a/hdl/vhdl/pselect_f.vhd sub00/vhpl09 1609059540
AR counter_f imp C:/Xilinx/14.1/ISE_DS/EDK/hw/XilinxProcessorIPLib/pcores/proc_common_v3_00_a/hdl/vhdl/counter_f.vhd sub00/vhpl07 1609059538
EN or_gate128 NULL C:/Xilinx/14.1/ISE_DS/EDK/hw/XilinxProcessorIPLib/pcores/proc_common_v3_00_a/hdl/vhdl/or_gate128.vhd sub00/vhpl10 1609059541
PH ipif_pkg NULL C:/Xilinx/14.1/ISE_DS/EDK/hw/XilinxProcessorIPLib/pcores/proc_common_v3_00_a/hdl/vhdl/ipif_pkg.vhd sub00/vhpl12 1609059543
EN counter_f NULL C:/Xilinx/14.1/ISE_DS/EDK/hw/XilinxProcessorIPLib/pcores/proc_common_v3_00_a/hdl/vhdl/counter_f.vhd sub00/vhpl06 1609059537
PB family_support family_support C:/Xilinx/14.1/ISE_DS/EDK/hw/XilinxProcessorIPLib/pcores/proc_common_v3_00_a/hdl/vhdl/family_support.vhd sub00/vhpl05 1609059536
PB proc_common_pkg proc_common_pkg C:/Xilinx/14.1/ISE_DS/EDK/hw/XilinxProcessorIPLib/pcores/proc_common_v3_00_a/hdl/vhdl/proc_common_pkg.vhd sub00/vhpl01 1609059532
AR or_muxcy implementation C:/Xilinx/14.1/ISE_DS/EDK/hw/XilinxProcessorIPLib/pcores/proc_common_v3_00_a/hdl/vhdl/or_muxcy.vhd sub00/vhpl03 1609059534
EN pselect_f NULL C:/Xilinx/14.1/ISE_DS/EDK/hw/XilinxProcessorIPLib/pcores/proc_common_v3_00_a/hdl/vhdl/pselect_f.vhd sub00/vhpl08 1609059539
AR or_gate128 imp C:/Xilinx/14.1/ISE_DS/EDK/hw/XilinxProcessorIPLib/pcores/proc_common_v3_00_a/hdl/vhdl/or_gate128.vhd sub00/vhpl11 1609059542
PB ipif_pkg ipif_pkg C:/Xilinx/14.1/ISE_DS/EDK/hw/XilinxProcessorIPLib/pcores/proc_common_v3_00_a/hdl/vhdl/ipif_pkg.vhd sub00/vhpl13 1609059544
EN or_muxcy NULL C:/Xilinx/14.1/ISE_DS/EDK/hw/XilinxProcessorIPLib/pcores/proc_common_v3_00_a/hdl/vhdl/or_muxcy.vhd sub00/vhpl02 1609059533
