V3 112
FL C:/Xilinx/14.1/ISE_DS/EDK/hw/XilinxProcessorIPLib/pcores/proc_common_v3_00_a/hdl/vhdl/blk_mem_gen_wrapper.vhd 2012/04/24.10:02:10 P.15xf
EN proc_common_v3_00_a/blk_mem_gen_wrapper 1610501783 \
      FL C:/Xilinx/14.1/ISE_DS/EDK/hw/XilinxProcessorIPLib/pcores/proc_common_v3_00_a/hdl/vhdl/blk_mem_gen_wrapper.vhd \
      PB ieee/std_logic_1164 1335251622 LB proc_common_v3_00_a \
      PH proc_common_v3_00_a/coregen_comp_defs 1610501780 \
      PB proc_common_v3_00_a/family_support 1610501773
AR proc_common_v3_00_a/blk_mem_gen_wrapper/implementation 1610501784 \
      FL C:/Xilinx/14.1/ISE_DS/EDK/hw/XilinxProcessorIPLib/pcores/proc_common_v3_00_a/hdl/vhdl/blk_mem_gen_wrapper.vhd \
      EN proc_common_v3_00_a/blk_mem_gen_wrapper 1610501783 CP blk_mem_gen_v2_7 \
      CP blk_mem_gen_v6_2
FL C:/Xilinx/14.1/ISE_DS/EDK/hw/XilinxProcessorIPLib/pcores/proc_common_v3_00_a/hdl/vhdl/coregen_comp_defs.vhd 2012/04/24.10:02:10 P.15xf
PH proc_common_v3_00_a/coregen_comp_defs 1610501780 \
      FL C:/Xilinx/14.1/ISE_DS/EDK/hw/XilinxProcessorIPLib/pcores/proc_common_v3_00_a/hdl/vhdl/coregen_comp_defs.vhd \
      PB ieee/std_logic_1164 1335251622 CD fifo_generator_v4_2 \
      CD fifo_generator_v4_3 CD fifo_generator_v5_1 CD fifo_generator_v5_2 \
      CD fifo_generator_v5_3 CD fifo_generator_v6_1 CD fifo_generator_v8_1 \
      CD fifo_generator_v8_2 CD fifo_generator_v8_3 CD blk_mem_gen_v2_7 \
      CD blk_mem_gen_v3_1 CD blk_mem_gen_v3_2 CD blk_mem_gen_v3_3 \
      CD blk_mem_gen_v4_1 CD blk_mem_gen_v5_2 CD blk_mem_gen_v6_2
FL C:/Xilinx/14.1/ISE_DS/EDK/hw/XilinxProcessorIPLib/pcores/proc_common_v3_00_a/hdl/vhdl/counter_f.vhd 2012/04/24.10:02:10 P.15xf
EN proc_common_v3_00_a/counter_f 1610501781 \
      FL C:/Xilinx/14.1/ISE_DS/EDK/hw/XilinxProcessorIPLib/pcores/proc_common_v3_00_a/hdl/vhdl/counter_f.vhd \
      PB ieee/std_logic_1164 1335251622 PB ieee/NUMERIC_STD 1335251627 LB unisim \
      LB proc_common_v3_00_a PB proc_common_v3_00_a/family_support 1610501773
AR proc_common_v3_00_a/counter_f/imp 1610501782 \
      FL C:/Xilinx/14.1/ISE_DS/EDK/hw/XilinxProcessorIPLib/pcores/proc_common_v3_00_a/hdl/vhdl/counter_f.vhd \
      EN proc_common_v3_00_a/counter_f 1610501781 CP std_logic_vector CP std_logic \
      CP MUXCY_L CP XORCY CP FDRE CP unsigned
FL C:/Xilinx/14.1/ISE_DS/EDK/hw/XilinxProcessorIPLib/pcores/proc_common_v3_00_a/hdl/vhdl/family_support.vhd 2012/04/24.10:02:10 P.15xf
PH proc_common_v3_00_a/family_support 1610501772 \
      FL C:/Xilinx/14.1/ISE_DS/EDK/hw/XilinxProcessorIPLib/pcores/proc_common_v3_00_a/hdl/vhdl/family_support.vhd
PB proc_common_v3_00_a/family_support 1610501773 \
      FL C:/Xilinx/14.1/ISE_DS/EDK/hw/XilinxProcessorIPLib/pcores/proc_common_v3_00_a/hdl/vhdl/family_support.vhd \
      PH proc_common_v3_00_a/family_support 1610501772
FL C:/Xilinx/14.1/ISE_DS/EDK/hw/XilinxProcessorIPLib/pcores/proc_common_v3_00_a/hdl/vhdl/inferred_lut4.vhd 2012/04/24.10:02:10 P.15xf
EN proc_common_v3_00_a/inferred_lut4 1610501758 \
      FL C:/Xilinx/14.1/ISE_DS/EDK/hw/XilinxProcessorIPLib/pcores/proc_common_v3_00_a/hdl/vhdl/inferred_lut4.vhd \
      PB ieee/std_logic_1164 1335251622 PB ieee/std_logic_arith 1335251623 \
      PB ieee/STD_LOGIC_UNSIGNED 1335251625
AR proc_common_v3_00_a/inferred_lut4/implementation 1610501759 \
      FL C:/Xilinx/14.1/ISE_DS/EDK/hw/XilinxProcessorIPLib/pcores/proc_common_v3_00_a/hdl/vhdl/inferred_lut4.vhd \
      EN proc_common_v3_00_a/inferred_lut4 1610501758
FL C:/Xilinx/14.1/ISE_DS/EDK/hw/XilinxProcessorIPLib/pcores/proc_common_v3_00_a/hdl/vhdl/ipif_pkg.vhd 2012/04/24.10:02:10 P.15xf
PH proc_common_v3_00_a/ipif_pkg 1610501793 \
      FL C:/Xilinx/14.1/ISE_DS/EDK/hw/XilinxProcessorIPLib/pcores/proc_common_v3_00_a/hdl/vhdl/ipif_pkg.vhd \
      PB ieee/std_logic_1164 1335251622 PB ieee/std_logic_arith 1335251623 \
      PB ieee/STD_LOGIC_UNSIGNED 1335251625
PB proc_common_v3_00_a/ipif_pkg 1610501794 \
      FL C:/Xilinx/14.1/ISE_DS/EDK/hw/XilinxProcessorIPLib/pcores/proc_common_v3_00_a/hdl/vhdl/ipif_pkg.vhd \
      PH proc_common_v3_00_a/ipif_pkg 1610501793 LB proc_common_v3_00_a \
      PB proc_common_v3_00_a/proc_common_pkg 1610501769
FL C:/Xilinx/14.1/ISE_DS/EDK/hw/XilinxProcessorIPLib/pcores/proc_common_v3_00_a/hdl/vhdl/or_gate128.vhd 2012/04/24.10:02:10 P.15xf
EN proc_common_v3_00_a/or_gate128 1610501791 \
      FL C:/Xilinx/14.1/ISE_DS/EDK/hw/XilinxProcessorIPLib/pcores/proc_common_v3_00_a/hdl/vhdl/or_gate128.vhd \
      PB ieee/std_logic_1164 1335251622 PB ieee/std_logic_arith 1335251623 \
      PB ieee/STD_LOGIC_UNSIGNED 1335251625 LB proc_common_v3_00_a
AR proc_common_v3_00_a/or_gate128/imp 1610501792 \
      FL C:/Xilinx/14.1/ISE_DS/EDK/hw/XilinxProcessorIPLib/pcores/proc_common_v3_00_a/hdl/vhdl/or_gate128.vhd \
      EN proc_common_v3_00_a/or_gate128 1610501791 CP std_logic_vector CP or_muxcy
FL C:/Xilinx/14.1/ISE_DS/EDK/hw/XilinxProcessorIPLib/pcores/proc_common_v3_00_a/hdl/vhdl/or_muxcy.vhd 2012/04/24.10:02:10 P.15xf
EN proc_common_v3_00_a/or_muxcy 1610501770 \
      FL C:/Xilinx/14.1/ISE_DS/EDK/hw/XilinxProcessorIPLib/pcores/proc_common_v3_00_a/hdl/vhdl/or_muxcy.vhd \
      PB ieee/std_logic_1164 1335251622 LB unisim
AR proc_common_v3_00_a/or_muxcy/implementation 1610501771 \
      FL C:/Xilinx/14.1/ISE_DS/EDK/hw/XilinxProcessorIPLib/pcores/proc_common_v3_00_a/hdl/vhdl/or_muxcy.vhd \
      EN proc_common_v3_00_a/or_muxcy 1610501770 CP std_logic_vector CP MUXCY
FL C:/Xilinx/14.1/ISE_DS/EDK/hw/XilinxProcessorIPLib/pcores/proc_common_v3_00_a/hdl/vhdl/pf_adder.vhd 2012/04/24.10:02:10 P.15xf
EN proc_common_v3_00_a/pf_adder 1610501778 \
      FL C:/Xilinx/14.1/ISE_DS/EDK/hw/XilinxProcessorIPLib/pcores/proc_common_v3_00_a/hdl/vhdl/pf_adder.vhd \
      PB ieee/std_logic_1164 1335251622 LB unisim
AR proc_common_v3_00_a/pf_adder/implementation 1610501779 \
      FL C:/Xilinx/14.1/ISE_DS/EDK/hw/XilinxProcessorIPLib/pcores/proc_common_v3_00_a/hdl/vhdl/pf_adder.vhd \
      EN proc_common_v3_00_a/pf_adder 1610501778 CP pf_adder_bit
FL C:/Xilinx/14.1/ISE_DS/EDK/hw/XilinxProcessorIPLib/pcores/proc_common_v3_00_a/hdl/vhdl/pf_adder_bit.vhd 2012/04/24.10:02:10 P.15xf
EN proc_common_v3_00_a/pf_adder_bit 1610501762 \
      FL C:/Xilinx/14.1/ISE_DS/EDK/hw/XilinxProcessorIPLib/pcores/proc_common_v3_00_a/hdl/vhdl/pf_adder_bit.vhd \
      PB ieee/std_logic_1164 1335251622 LB unisim LB proc_common_v3_00_a \
      EN proc_common_v3_00_a/inferred_lut4 1610501758
AR proc_common_v3_00_a/pf_adder_bit/implementation 1610501763 \
      FL C:/Xilinx/14.1/ISE_DS/EDK/hw/XilinxProcessorIPLib/pcores/proc_common_v3_00_a/hdl/vhdl/pf_adder_bit.vhd \
      EN proc_common_v3_00_a/pf_adder_bit 1610501762 CP inferred_lut4 CP MUXCY \
      CP XORCY CP FDRE
FL C:/Xilinx/14.1/ISE_DS/EDK/hw/XilinxProcessorIPLib/pcores/proc_common_v3_00_a/hdl/vhdl/pf_counter.vhd 2012/04/24.10:02:10 P.15xf
EN proc_common_v3_00_a/pf_counter 1610501764 \
      FL C:/Xilinx/14.1/ISE_DS/EDK/hw/XilinxProcessorIPLib/pcores/proc_common_v3_00_a/hdl/vhdl/pf_counter.vhd \
      PB ieee/std_logic_1164 1335251622 LB unisim PH unisim/VCOMPONENTS 1335251629 \
      LB proc_common_v3_00_a EN proc_common_v3_00_a/pf_counter_bit 1610501760
AR proc_common_v3_00_a/pf_counter/implementation 1610501765 \
      FL C:/Xilinx/14.1/ISE_DS/EDK/hw/XilinxProcessorIPLib/pcores/proc_common_v3_00_a/hdl/vhdl/pf_counter.vhd \
      EN proc_common_v3_00_a/pf_counter 1610501764 \
      CP proc_common_v3_00_a/pf_counter_bit CP FDRE
FL C:/Xilinx/14.1/ISE_DS/EDK/hw/XilinxProcessorIPLib/pcores/proc_common_v3_00_a/hdl/vhdl/pf_counter_bit.vhd 2012/04/24.10:02:10 P.15xf
EN proc_common_v3_00_a/pf_counter_bit 1610501760 \
      FL C:/Xilinx/14.1/ISE_DS/EDK/hw/XilinxProcessorIPLib/pcores/proc_common_v3_00_a/hdl/vhdl/pf_counter_bit.vhd \
      PB ieee/std_logic_1164 1335251622 LB unisim LB proc_common_v3_00_a \
      EN proc_common_v3_00_a/inferred_lut4 1610501758
AR proc_common_v3_00_a/pf_counter_bit/implementation 1610501761 \
      FL C:/Xilinx/14.1/ISE_DS/EDK/hw/XilinxProcessorIPLib/pcores/proc_common_v3_00_a/hdl/vhdl/pf_counter_bit.vhd \
      EN proc_common_v3_00_a/pf_counter_bit 1610501760 CP inferred_lut4 CP MUXCY \
      CP XORCY CP FDRE
FL C:/Xilinx/14.1/ISE_DS/EDK/hw/XilinxProcessorIPLib/pcores/proc_common_v3_00_a/hdl/vhdl/pf_counter_top.vhd 2012/04/24.10:02:10 P.15xf
EN proc_common_v3_00_a/pf_counter_top 1610501776 \
      FL C:/Xilinx/14.1/ISE_DS/EDK/hw/XilinxProcessorIPLib/pcores/proc_common_v3_00_a/hdl/vhdl/pf_counter_top.vhd \
      PB ieee/std_logic_1164 1335251622 LB unisim PH unisim/VCOMPONENTS 1335251629 \
      LB proc_common_v3_00_a EN proc_common_v3_00_a/pf_counter 1610501764
AR proc_common_v3_00_a/pf_counter_top/implementation 1610501777 \
      FL C:/Xilinx/14.1/ISE_DS/EDK/hw/XilinxProcessorIPLib/pcores/proc_common_v3_00_a/hdl/vhdl/pf_counter_top.vhd \
      EN proc_common_v3_00_a/pf_counter_top 1610501776 \
      CP proc_common_v3_00_a/pf_counter
FL C:/Xilinx/14.1/ISE_DS/EDK/hw/XilinxProcessorIPLib/pcores/proc_common_v3_00_a/hdl/vhdl/pf_dpram_select.vhd 2012/04/24.10:02:10 P.15xf
EN proc_common_v3_00_a/pf_dpram_select 1610501787 \
      FL C:/Xilinx/14.1/ISE_DS/EDK/hw/XilinxProcessorIPLib/pcores/proc_common_v3_00_a/hdl/vhdl/pf_dpram_select.vhd \
      PB ieee/std_logic_1164 1335251622 PB ieee/NUMERIC_STD 1335251627 LB unisim
AR proc_common_v3_00_a/pf_dpram_select/implementation 1610501788 \
      FL C:/Xilinx/14.1/ISE_DS/EDK/hw/XilinxProcessorIPLib/pcores/proc_common_v3_00_a/hdl/vhdl/pf_dpram_select.vhd \
      EN proc_common_v3_00_a/pf_dpram_select 1610501787 CP in CP out CP integer \
      CP dbus_slice_array CP pdbus_slice_array CP std_logic_vector CP std_logic \
      CP RAMB16_S36_S36 CP RAMB16_S18_S18 CP RAMB16_S9_S9 CP RAMB16_S4_S4 \
      CP RAMB16_S2_S2 CP RAMB16_S1_S1 CP RAMB4_S1_S1 CP RAMB4_S2_S2 CP RAMB4_S4_S4 \
      CP RAMB4_S8_S8 CP RAMB4_S16_S16
FL C:/Xilinx/14.1/ISE_DS/EDK/hw/XilinxProcessorIPLib/pcores/proc_common_v3_00_a/hdl/vhdl/pf_occ_counter.vhd 2012/04/24.10:02:10 P.15xf
EN proc_common_v3_00_a/pf_occ_counter 1610501766 \
      FL C:/Xilinx/14.1/ISE_DS/EDK/hw/XilinxProcessorIPLib/pcores/proc_common_v3_00_a/hdl/vhdl/pf_occ_counter.vhd \
      PB ieee/std_logic_1164 1335251622 LB unisim PH unisim/VCOMPONENTS 1335251629 \
      LB proc_common_v3_00_a EN proc_common_v3_00_a/pf_counter_bit 1610501760
AR proc_common_v3_00_a/pf_occ_counter/implementation 1610501767 \
      FL C:/Xilinx/14.1/ISE_DS/EDK/hw/XilinxProcessorIPLib/pcores/proc_common_v3_00_a/hdl/vhdl/pf_occ_counter.vhd \
      EN proc_common_v3_00_a/pf_occ_counter 1610501766 CP MUXCY \
      CP proc_common_v3_00_a/pf_counter_bit
FL C:/Xilinx/14.1/ISE_DS/EDK/hw/XilinxProcessorIPLib/pcores/proc_common_v3_00_a/hdl/vhdl/pf_occ_counter_top.vhd 2012/04/24.10:02:10 P.15xf
EN proc_common_v3_00_a/pf_occ_counter_top 1610501774 \
      FL C:/Xilinx/14.1/ISE_DS/EDK/hw/XilinxProcessorIPLib/pcores/proc_common_v3_00_a/hdl/vhdl/pf_occ_counter_top.vhd \
      PB ieee/std_logic_1164 1335251622 LB unisim PH unisim/VCOMPONENTS 1335251629 \
      LB proc_common_v3_00_a EN proc_common_v3_00_a/pf_occ_counter 1610501766
AR proc_common_v3_00_a/pf_occ_counter_top/implementation 1610501775 \
      FL C:/Xilinx/14.1/ISE_DS/EDK/hw/XilinxProcessorIPLib/pcores/proc_common_v3_00_a/hdl/vhdl/pf_occ_counter_top.vhd \
      EN proc_common_v3_00_a/pf_occ_counter_top 1610501774 \
      CP proc_common_v3_00_a/pf_occ_counter
FL C:/Xilinx/14.1/ISE_DS/EDK/hw/XilinxProcessorIPLib/pcores/proc_common_v3_00_a/hdl/vhdl/proc_common_pkg.vhd 2012/04/24.10:02:10 P.15xf
PH proc_common_v3_00_a/proc_common_pkg 1610501768 \
      FL C:/Xilinx/14.1/ISE_DS/EDK/hw/XilinxProcessorIPLib/pcores/proc_common_v3_00_a/hdl/vhdl/proc_common_pkg.vhd \
      PB ieee/std_logic_1164 1335251622 PB ieee/std_logic_arith 1335251623 \
      PB ieee/STD_LOGIC_UNSIGNED 1335251625
PB proc_common_v3_00_a/proc_common_pkg 1610501769 \
      FL C:/Xilinx/14.1/ISE_DS/EDK/hw/XilinxProcessorIPLib/pcores/proc_common_v3_00_a/hdl/vhdl/proc_common_pkg.vhd \
      PH proc_common_v3_00_a/proc_common_pkg 1610501768
FL C:/Xilinx/14.1/ISE_DS/EDK/hw/XilinxProcessorIPLib/pcores/proc_common_v3_00_a/hdl/vhdl/pselect_f.vhd 2012/04/24.10:02:10 P.15xf
EN proc_common_v3_00_a/pselect_f 1610501789 \
      FL C:/Xilinx/14.1/ISE_DS/EDK/hw/XilinxProcessorIPLib/pcores/proc_common_v3_00_a/hdl/vhdl/pselect_f.vhd \
      PB ieee/std_logic_1164 1335251622 LB unisim LB proc_common_v3_00_a \
      PB proc_common_v3_00_a/family_support 1610501773
AR proc_common_v3_00_a/pselect_f/imp 1610501790 \
      FL C:/Xilinx/14.1/ISE_DS/EDK/hw/XilinxProcessorIPLib/pcores/proc_common_v3_00_a/hdl/vhdl/pselect_f.vhd \
      EN proc_common_v3_00_a/pselect_f 1610501789 CP integer CP std_logic_vector \
      CP natural CP positive CP MUXCY
FL C:/Xilinx/14.1/ISE_DS/EDK/hw/XilinxProcessorIPLib/pcores/proc_common_v3_00_a/hdl/vhdl/srl16_fifo.vhd 2012/04/24.10:02:10 P.15xf
EN proc_common_v3_00_a/srl16_fifo 1610501785 \
      FL C:/Xilinx/14.1/ISE_DS/EDK/hw/XilinxProcessorIPLib/pcores/proc_common_v3_00_a/hdl/vhdl/srl16_fifo.vhd \
      LB unisim PH unisim/VCOMPONENTS 1335251629 LB proc_common_v3_00_a \
      EN proc_common_v3_00_a/pf_adder 1610501778 \
      EN proc_common_v3_00_a/pf_counter_top 1610501776 \
      EN proc_common_v3_00_a/pf_occ_counter_top 1610501774 PB ieee/std_logic_1164 1335251622 \
      PB ieee/std_logic_arith 1335251623 PB ieee/STD_LOGIC_UNSIGNED 1335251625
AR proc_common_v3_00_a/srl16_fifo/implementation 1610501786 \
      FL C:/Xilinx/14.1/ISE_DS/EDK/hw/XilinxProcessorIPLib/pcores/proc_common_v3_00_a/hdl/vhdl/srl16_fifo.vhd \
      EN proc_common_v3_00_a/srl16_fifo 1610501785 \
      CP proc_common_v3_00_a/pf_occ_counter_top \
      CP proc_common_v3_00_a/pf_counter_top CP SRL16E CP boolean CP integer \
      CP std_logic_vector CP proc_common_v3_00_a/pf_adder
