AR coprocesador imp D:/hlocal/SE/Practicas/practica3.5/pcores/coprocesador_v1_00_a/hdl/vhdl/coprocesador.vhd sub00/vhpl03 1609048352
AR user_logic imp D:/hlocal/SE/Practicas/practica3.5/pcores/coprocesador_v1_00_a/hdl/vhdl/user_logic.vhd sub00/vhpl01 1609048350
EN user_logic NULL D:/hlocal/SE/Practicas/practica3.5/pcores/coprocesador_v1_00_a/hdl/vhdl/user_logic.vhd sub00/vhpl00 1609048349
EN coprocesador NULL D:/hlocal/SE/Practicas/practica3.5/pcores/coprocesador_v1_00_a/hdl/vhdl/coprocesador.vhd sub00/vhpl02 1609048351
