AR divisor1 divisor1_arch D:/hlocal/SE/Practicas/practica3/pcores/coprocesador_v1_00_a/hdl/vhdl/divisor1Hz.vhd sub00/vhpl03 1606825074
EN divisor1 NULL D:/hlocal/SE/Practicas/practica3/pcores/coprocesador_v1_00_a/hdl/vhdl/divisor1Hz.vhd sub00/vhpl02 1606825073
EN contador NULL D:/hlocal/SE/Practicas/practica3/pcores/coprocesador_v1_00_a/hdl/vhdl/contador.vhd sub00/vhpl00 1606825075
AR contador behavioral D:/hlocal/SE/Practicas/practica3/pcores/coprocesador_v1_00_a/hdl/vhdl/contador.vhd sub00/vhpl01 1606825076
