AR divisor1 divisor1_arch D:/hlocal/SE/Practicas/practica3/pcores/coprocesador_v1_00_a/hdl/vhdl/divisor1Hz.vhd sub00/vhpl03 1606824748
EN divisor1 NULL D:/hlocal/SE/Practicas/practica3/pcores/coprocesador_v1_00_a/hdl/vhdl/divisor1Hz.vhd sub00/vhpl02 1606824747
EN contador NULL D:/hlocal/SE/Practicas/practica3/pcores/coprocesador_v1_00_a/hdl/vhdl/contador.vhd sub00/vhpl00 1606824749
AR contador behavioral D:/hlocal/SE/Practicas/practica3/pcores/coprocesador_v1_00_a/hdl/vhdl/contador.vhd sub00/vhpl01 1606824750
