V3 11
FL D:/hlocal/SE/Practicas/practica3.1/pcores/coprocesador_v1_00_a/hdl/vhdl/coprocesador.vhd 2020/12/05.20:22:06 P.15xf
EN coprocesador_v1_00_a/coprocesador 1607208692 \
      FL D:/hlocal/SE/Practicas/practica3.1/pcores/coprocesador_v1_00_a/hdl/vhdl/coprocesador.vhd \
      PB ieee/std_logic_1164 1335251622 PB ieee/std_logic_arith 1335251623 \
      PB ieee/STD_LOGIC_UNSIGNED 1335251625 LB proc_common_v3_00_a \
      PB proc_common_v3_00_a/proc_common_pkg 1607208671 \
      PB proc_common_v3_00_a/ipif_pkg 1607208683 LB plbv46_slave_single_v1_01_a \
      EN plbv46_slave_single_v1_01_a/plbv46_slave_single 1607208688 \
      LB coprocesador_v1_00_a EN coprocesador_v1_00_a/user_logic 1607208690
AR coprocesador_v1_00_a/coprocesador/IMP 1607208693 \
      FL D:/hlocal/SE/Practicas/practica3.1/pcores/coprocesador_v1_00_a/hdl/vhdl/coprocesador.vhd \
      EN coprocesador_v1_00_a/coprocesador 1607208692 \
      CP plbv46_slave_single_v1_01_a/plbv46_slave_single \
      CP coprocesador_v1_00_a/user_logic
FL D:/hlocal/SE/Practicas/practica3.1/pcores/coprocesador_v1_00_a/hdl/vhdl/user_logic.vhd 2020/12/05.23:51:06 P.15xf
EN coprocesador_v1_00_a/user_logic 1607208690 \
      FL D:/hlocal/SE/Practicas/practica3.1/pcores/coprocesador_v1_00_a/hdl/vhdl/user_logic.vhd \
      PB ieee/std_logic_1164 1335251622 PB ieee/std_logic_arith 1335251623 \
      PB ieee/STD_LOGIC_UNSIGNED 1335251625 LB proc_common_v3_00_a \
      PB proc_common_v3_00_a/proc_common_pkg 1607208671
AR coprocesador_v1_00_a/user_logic/IMP 1607208691 \
      FL D:/hlocal/SE/Practicas/practica3.1/pcores/coprocesador_v1_00_a/hdl/vhdl/user_logic.vhd \
      EN coprocesador_v1_00_a/user_logic 1607208690
