
**** Build of configuration Debug for project peripheral_tests_3 ****

make all 
Building file: ../src/testperiph.c
Invoking: MicroBlaze gcc compiler
mb-gcc -Wall -O0 -g3 -c -fmessage-length=0 -Wl,--no-relax -I../../peripheral_tests_bsp_3/microblaze_0/include -mxl-pattern-compare -mcpu=v8.30.a -mno-xl-soft-mul -MMD -MP -MF"src/testperiph.d" -MT"src/testperiph.d" -o"src/testperiph.o" "../src/testperiph.c"
In file included from ../src/frases_compuestas.h:11:0,
                 from ../src/testperiph.c:30:
../src/caracteres.h:586:2: warning: "/*" within comment [-Wcomment]
../src/caracteres.h:599:2: warning: "/*" within comment [-Wcomment]
../src/caracteres.h:608:1: warning: "/*" within comment [-Wcomment]
Finished building: ../src/testperiph.c
' '
Building target: peripheral_tests_3.elf
Invoking: MicroBlaze gcc linker
mb-gcc -Wl,--no-relax -Wl,-T -Wl,../src/lscript.ld -L../../peripheral_tests_bsp_3/microblaze_0/lib -mxl-pattern-compare -mcpu=v8.30.a -mno-xl-soft-mul -o"peripheral_tests_3.elf"  ./src/testperiph.o ./src/xbram_example.o   -Wl,--start-group,-lxil,-lgcc,-lc,--end-group
Finished building target: peripheral_tests_3.elf
' '
Invoking: MicroBlaze Print Size
mb-size peripheral_tests_3.elf  |tee "peripheral_tests_3.elf.size"
   text	   data	    bss	    dec	    hex	filename
  24570	   1404	   2274	  28248	   6e58	peripheral_tests_3.elf
Finished building: peripheral_tests_3.elf.size
' '
Invoking: Xilinx ELF Check
elfcheck peripheral_tests_3.elf -hw ../../practica2_hw_platform/system.xml -pe microblaze_0  |tee "peripheral_tests_3.elf.elfcheck"
elfcheck
Xilinx EDK 14.1 Build EDK_P.15xf
Copyright (c) 1995-2012 Xilinx, Inc.  All rights reserved.

Command Line: elfcheck -hw ../../practica2_hw_platform/system.xml -pe
microblaze_0 peripheral_tests_3.elf 

ELF file	: peripheral_tests_3.elf
elfcheck passed.
Finished building: peripheral_tests_3.elf.elfcheck
' '
